A51 MACRO ASSEMBLER  0919                                                                 09/19/2022 11:06:39 PAGE     1


MACRO ASSEMBLER A51 V8.2.7.0
OBJECT MODULE PLACED IN .\Objects\0919.obj
ASSEMBLER INVOKED BY: C:\Keil_v5\C51\BIN\A51.EXE 0919.a51 SET(SMALL) DEBUG PRINT(.\Listings\0919.lst) OBJECT(.\Objects\0
                      919.obj) EP

LOC  OBJ            LINE     SOURCE

0000                   1                     ORG             0000h
0000 7590FF            2     LOOP:   MOV             P1,#0FFh
0003 E590              3                     MOV             A,P1
0005 F5A0              4                     MOV     P2,A
0007 020000            5                     LJMP    LOOP
                       6                     END
                             
A51 MACRO ASSEMBLER  0919                                                                 09/19/2022 11:06:39 PAGE     2

SYMBOL TABLE LISTING
------ ----- -------


N A M E             T Y P E  V A L U E   ATTRIBUTES

LOOP . . . . . . .  C ADDR   0000H   A   
P1 . . . . . . . .  D ADDR   0090H   A   
P2 . . . . . . . .  D ADDR   00A0H   A   


REGISTER BANK(S) USED: 0 


ASSEMBLY COMPLETE.  0 WARNING(S), 0 ERROR(S)
